void fO_123456789_Xa(int asdf_kdf23_, int[89] MEOW_meow_1094385, int[1010] _meow_1094385, int[8912] _1094385)
{
    print 0;
    print 1;
    print 2;
    print 1 * 2;
    print 1 * 2 * 3 * 4;
    print 9 * 1000 * 99900 * 1;
    print 1 + 2;
    print 1 + 2 - 3 + 4;
    print 9 - 1000 + 99900 * 1;
    print 1 < 2;
    print 1 + 2 - 3 < 4;
    print 9 - 1000 * 99900 < 1;
    print 1 == 2;
    print 1 + 2 - 3 == 4;
    print 9 - 1000 * 99900 == 1 < 0;
    print id;
    print IDENTIFIER;
    print _;
    print _109id;
    print (id);
    print ((((identifier))));
    print ((_) + 1);
    print ((9) - ((1000 * 99900)) < 1);
    print id[0];
    print IDENTIFIER[(((__id3nt1f1er)))];
    print _[9 - 1000 * 99900 == 1 < 0];
    print _109id[nestedArr[TWICEnested[1 + 2 - 3 == 4]]];
    print noParams();
    print id(0);
    print IDENTIFIER((((__id3nt1f1er))));
    print _(9 - 1000 * 99900 == 1 < 0);
    print _109id(nestedArr(TWICEnested(1 + 2 - 3 == arr[4])));
    print emptyStr("");
    print id("0");
    print IDENTIFIER(((("this IS A string"))));
    print _("str" - 1000 * 99900 == 1 < 0);
    print _109id(nestedArr(TWICEnested("STRING OK" == arr["    "])));
    print oneSpaceChar(');
    print id(');
    print IDENTIFIER(((('))));
    print _(' - ' * ' == 1 < 0);
    print _109id(nestedArr(TWICEnested(' == arr['])));
    print singleParam(false);
    print id(false, true, 0 * 1 < 2);
    print IDENTIFIER((((true))));
    print _(true == false + ' * ' == 1 < true);
    print _109id(nestedArr(TWICEnested(true == arr[false])));
    print singleParam(0.0);
    print id(1.001, 198.0, 0.1 * 1.1 < 2.9);
    print IDENTIFIER((((1.1111))));
    print _(0.0 == 1.0 + 1.234 * 0.0 == 1.0 < 100.0);
    print _109id(nestedArr(TWICEnested(1.0 == arr[0.1])));
}
char f12345098_234fXx_(char lowercase, float UPPERCASE, boolean ______, void _1234567890)
{
    print 0;
    print 1;
    print 2;
}
int[100] _123456_FooZ(float _____1, void __KDkk1236, string __3426Kka)
{
    print 0;
    print 1;
    print 2;
}
int _____123567FkoP(string __123Kk, string __234IKk, string __234IKk, string __234IKk, int UPPERCASE)
{
    print 9;
    print 9;
}
string f12345098_234fXx_(void askj_234wf, int D0_1234Kkk)
{
    print 9;
}
void fO_123456789_Xa(int asdf_kdf23_, int[89] MEOW_meow_1094385, int[1010] _meow_1094385, int[8912] _1094385)
{
    println 0;
    println 1;
    println 2;
    println 1 * 2;
    println 1 * 2 * 3 * 4;
    println 9 * 1000 * 99900 * 1;
    println 1 + 2;
    println 1 + 2 - 3 + 4;
    println 9 - 1000 + 99900 * 1;
    println 1 < 2;
    println 1 + 2 - 3 < 4;
    println 9 - 1000 * 99900 < 1;
    println 1 == 2;
    println 1 + 2 - 3 == 4;
    println 9 - 1000 * 99900 == 1 < 0;
    println id;
    println IDENTIFIER;
    println _;
    println _109id;
    println (id);
    println ((((IDENTIFIER))));
    println ((_) + 1);
    println ((9) - ((1000 * 99900)) < 1);
    println id[0];
    println IDENTIFIER[(((__id3nt1f1er)))];
    println _[9 - 1000 * 99900 == 1 < 0];
    println _109id[nestedArr[TWICEnested[1 + 2 - 3 == 4]]];
    println noParams();
    println id(0);
    println IDENTIFIER((((__id3nt1f1er))));
    println _(9 - 1000 * 99900 == 1 < 0);
    println _109id(nestedArr(TWICEnested(1 + 2 - 3 == arr[4])));
    println emptyStr("");
    println id("0");
    println IDENTIFIER(((("this IS A string"))));
    println _("str" - 1000 * 99900 == 1 < 0);
    println _109id(nestedArr(TWICEnested("STRING OK" == arr["    "])));
    println oneSpaceChar(');
    println id(');
    println IDENTIFIER(((('))));
    println _(' - ' * ' == 1 < 0);
    println _109id(nestedArr(TWICEnested(' == arr['])));
    println singleParam(false);
    println id(false, true, 0 * 1 < 2);
    println IDENTIFIER((((true))));
    println _(true == false + ' * ' == 1 < true);
    println _109id(nestedArr(TWICEnested(true == arr[false])));
    println singleParam(0.0);
    println id(1.001, 198.0, 0.1 * 1.1 < 2.9);
    println IDENTIFIER((((1.1111))));
    println _(0.0 == 1.0 + 1.234 * 0.0 == 1.0 < 100.0);
    println _109id(nestedArr(TWICEnested(1.0 == arr[0.1])));
}
char f12345098_234fXx_(char lowercase, float UPPERCASE, boolean ______, void _1234567890)
{
    println 0;
    println 1;
    println 2;
}
int[100] _123456_FooZ(float _____1, void __KDkk1236, string __3426Kka)
{
    println 0;
    println 1;
    println 2;
}
int _____123567FkoP(string __123Kk, string __234IKk, string __234IKk, string __234IKk, int UPPERCASE)
{
    println 9;
    println 9;
}
string f12345098_234fXx_(void askj_234wf, int D0_1234Kkk)
{
    println 9;
}
void fO_123456789_Xa(int asdf_kdf23_, int[89] MEOW_meow_1094385, int[1010] _meow_1094385, int[8912] _1094385)
{
    return 0;
    return 1;
    return 2;
    return 1 * 2;
    return 1 * 2 * 3 * 4;
    return 9 * 1000 * 99900 * 1;
    return 1 + 2;
    return 1 + 2 - 3 + 4;
    return 9 - 1000 + 99900 * 1;
    return 1 < 2;
    return 1 + 2 - 3 < 4;
    return 9 - 1000 * 99900 < 1;
    return 1 == 2;
    return 1 + 2 - 3 == 4;
    return 9 - 1000 * 99900 == 1 < 0;
    return id;
    return IDENTIFIER;
    return _;
    return _109id;
    return (id);
    return ((((IDENTIFIER))));
    return ((_) + 1);
    return ((9) - ((1000 * 99900)) < 1);
    return id[0];
    return IDENTIFIER[(((__id3nt1f1er)))];
    return _[9 - 1000 * 99900 == 1 < 0];
    return _109id[nestedArr[TWICEnested[1 + 2 - 3 == 4]]];
    return noParams();
    return id(0);
    return IDENTIFIER((((__id3nt1f1er))));
    return _(9 - 1000 * 99900 == 1 < 0);
    return _109id(nestedArr(TWICEnested(1 + 2 - 3 == arr[4])));
    return emptyStr("");
    return id("0");
    return IDENTIFIER(((("this IS A string"))));
    return _("str" - 1000 * 99900 == 1 < 0);
    return _109id(nestedArr(TWICEnested("STRING OK" == arr["    "])));
    return oneSpaceChar(');
    return id(');
    return IDENTIFIER(((('))));
    return _(' - ' * ' == 1 < 0);
    return _109id(nestedArr(TWICEnested(' == arr['])));
    return singleParam(false);
    return id(false, true, 0 * 1 < 2);
    return IDENTIFIER((((true))));
    return _(true == false + ' * ' == 1 < true);
    return _109id(nestedArr(TWICEnested(true == arr[false])));
    return singleParam(0.0);
    return id(1.001, 198.0, 0.1 * 1.1 < 2.9);
    return IDENTIFIER((((1.1111))));
    return _(0.0 == 1.0 + 1.234 * 0.0 == 1.0 < 100.0);
    return _109id(nestedArr(TWICEnested(1.0 == arr[0.1])));
}
char f12345098_234fXx_(char lowercase, float UPPERCASE, boolean ______, void _1234567890)
{
    return 0;
    return 1;
    return 2;
}
int[100] _123456_FooZ(float _____1, void __KDkk1236, string __3426Kka)
{
    return 0;
    return 1;
    return 2;
}
int _____123567FkoP(string __123Kk, string __234IKk, string __234IKk, string __234IKk, int UPPERCASE)
{
    return 9;
    return 9;
}
string f12345098_234fXx_(void askj_234wf, int D0_1234Kkk)
{
    return 9;
}
