boolean _kK1_jJ2 ()
{
}

char fF1_jJ2_ ()
{
}

float _0fF_9zZ ()
{
}

int[100] K1k_J2j_ ()
{
}

int _____ ()
{
}

string lowercase ()
{
}

void UPPERCASE ()
{
}

void FO_1f23___ (int FO_1f23___)
{
}

char _FFFFffff1234 (char _FFFFffff1234)
{
}

float _0_123456789 (boolean as_2394dkKJD)
{
}

int[100] _123456_FooZ (float _____1)
{
}

int _____123567FkoP (string __123Kk)
{
}

string f12345098_234fXx_ (void UPPERCASE)
{
}

void f12345098_234fXx_ (int[234] lowercase)
{
}

void fO_123456789_Xa (int asdf_kdf23_, int[89] MEOW_meow_1094385, int[1010] _meow_1094385, int[8912] _1094385)
{
}

char f12345098_234fXx_ (char lowercase, float UPPERCASE, boolean ______, void _1234567890)
{
}

float _O_123456789 (boolean AAas_2394dkKJD, float __Ka235, string _KDJ___123, float __Ka235, string _KD1J___123, float __Ka235, string _KDJ___123)
{
}

int[100] _123456_FooZ (float _____1, void __KDkk1236, string __3426Kka)
{
}

int _____123567FkoP (string __123Kk, string __234IKk, string __234IKk, string __234IKk, int UPPERCASE)
{
}

string f12345098_234fXx_ (void askj_234wf, int D0_1234Kkk)
{
}

void f12345098_234fXx_ (int[234] _234JKDd, int ___1Kk, string _123KkksldjbB_)
{
}
