float _O_123456789(boolean AAas_2394dkKJD, float __Ka235, string _KDJ___123, float __Ka235, string _KD1J___123, float __Ka235, string _KDJ___123)
{
}
