void m()
{
    id(expr);
    id(expr('));
    id(((expr(""))));
    id(id(((expr(1)))));
    ___VALID_ID(((arg1)), "anotherArg123", IDENTIFIER1[funcCall(0, ')], RATTLED(true, false, "MEEP"));
}
