void m()
{
    if (1)
    {
    }
    if ("_01STRING")
    {
        print "WOOP";
    }
    if (c)
    {
        println false;
        identifier;
    }
    if (0.901)
    {
        if (true)
        {
            return ;
            return c;
        }
    }
    if (true)
    {
        ;
        ;
        id[1] = WOOP;
    }
    if (ID)
    {
        identifier = "GOOD";
    }
}
