int[100] _123456_FooZ(float _____1, void __KDkk1236, string __3426Kka)
{
}
