void fO_123456789_Xa(int asdf_kdf23_, int[89] MEOW_meow_1094385, int[1010] _meow_1094385, int[8912] _1094385)
{
    println 0;
    println 1;
    println 2;
    println 1 * 2;
    println 1 * 2 * 3 * 4;
    println 9 * 1000 * 99900 * 1;
}
char f12345098_234fXx_(char lowercase, float UPPERCASE, boolean ______, void _1234567890)
{
    println 0;
    println 1;
    println 2;
}
int[100] _123456_FooZ(float _____1, void __KDkk1236, string __3426Kka)
{
    println 0;
    println 1;
    println 2;
}
int _____123567FkoP(string __123Kk, string __234IKk, string __234IKk, string __234IKk, int UPPERCASE)
{
    println 9;
    println 9;
}
string f12345098_234fXx_(void askj_234wf, int D0_1234Kkk)
{
    println 9;
}
