void fO_123456789_Xa(int asdf_kdf23_, int[89] MEOW_meow_1094385, int[1010] _meow_1094385, int[8912] _1094385)
{
    print 0;
    print 1;
    print 2;
    print 1 * 2;
    print 1 * 2 * 3 * 4;
    print 9 * 1000 * 99900 * 1;
    print 1 + 2;
    print 1 + 2 - 3 + 4;
    print 9 - 1000 + 99900 * 1;
    print 1 < 2;
    print 1 + 2 - 3 < 4;
    print 9 - 1000 * 99900 < 1;
    print 1 == 2;
    print 1 + 2 - 3 == 4;
    print 9 - 1000 * 99900 == 1 < 0;
    print id;
    print IDENTIFIER;
    print _;
    print _109id;
    print (id);
    print ((((identifier))));
    print ((_) + 1);
    print ((9) - ((1000 * 99900)) < 1);
    print id[0];
    print IDENTIFIER[(((__id3nt1f1er)))];
    print _[9 - 1000 * 99900 == 1 < 0];
    print _109id[nestedArr[TWICEnested[1 + 2 - 3 == 4]]];
}
char f12345098_234fXx_(char lowercase, float UPPERCASE, boolean ______, void _1234567890)
{
    print 0;
    print 1;
    print 2;
}
int[100] _123456_FooZ(float _____1, void __KDkk1236, string __3426Kka)
{
    print 0;
    print 1;
    print 2;
}
int _____123567FkoP(string __123Kk, string __234IKk, string __234IKk, string __234IKk, int UPPERCASE)
{
    print 9;
    print 9;
}
string f12345098_234fXx_(void askj_234wf, int D0_1234Kkk)
{
    print 9;
}
