void fO_123456789_Xa(int asdf_kdf23_, int[89] MEOW_meow_1094385, int[1010] _meow_1094385, int[8912] _1094385)
{
    return 0;
    return 1;
    return 2;
}
char f12345098_234fXx_(char lowercase, float UPPERCASE, boolean ______, void _1234567890)
{
    return 0;
    return 1;
    return 2;
}
int[100] _123456_FooZ(float _____1, void __KDkk1236, string __3426Kka)
{
    return 0;
    return 1;
    return 2;
}
int _____123567FkoP(string __123Kk, string __234IKk, string __234IKk, string __234IKk, int UPPERCASE)
{
    return 9;
    return 9;
}
string f12345098_234fXx_(void askj_234wf, int D0_1234Kkk)
{
    return 9;
}
