void fO_123456789_Xa(int asdf_kdf23_, int[89] MEOW_meow_1094385, int[1010] _meow_1094385, int[8912] _1094385)
{
    return 0;
    return 1;
    return 2;
    return 1 * 2;
    return 1 * 2 * 3 * 4;
    return 9 * 1000 * 99900 * 1;
    return 1 + 2;
    return 1 + 2 - 3 + 4;
    return 9 - 1000 + 99900 * 1;
    return 1 < 2;
    return 1 + 2 - 3 < 4;
    return 9 - 1000 * 99900 < 1;
    return 1 == 2;
    return 1 + 2 - 3 == 4;
    return 9 - 1000 * 99900 == 1 < 0;
    return id;
    return IDENTIFIER;
    return _;
    return _109id;
    return (id);
    return ((((IDENTIFIER))));
    return ((_) + 1);
    return ((9) - ((1000 * 99900)) < 1);
    return id[0];
    return IDENTIFIER[(((__id3nt1f1er)))];
    return _[9 - 1000 * 99900 == 1 < 0];
    return _109id[nestedArr[TWICEnested[1 + 2 - 3 == 4]]];
    return noParams();
    return id(0);
    return IDENTIFIER((((__id3nt1f1er))));
    return _(9 - 1000 * 99900 == 1 < 0);
    return _109id(nestedArr(TWICEnested(1 + 2 - 3 == arr[4])));
    return emptyStr("");
    return id("0");
    return IDENTIFIER(((("this IS A string"))));
    return _("str" - 1000 * 99900 == 1 < 0);
    return _109id(nestedArr(TWICEnested("STRING OK" == arr["    "])));
    return oneSpaceChar(');
    return id(');
    return IDENTIFIER(((('))));
    return _(' - ' * ' == 1 < 0);
    return _109id(nestedArr(TWICEnested(' == arr['])));
    return singleParam(false);
    return id(false, true, 0 * 1 < 2);
    return IDENTIFIER((((true))));
    return _(true == false + ' * ' == 1 < true);
    return _109id(nestedArr(TWICEnested(true == arr[false])));
    return singleParam(0.0);
    return id(1.001, 198.0, 0.1 * 1.1 < 2.9);
    return IDENTIFIER((((1.1111))));
    return _(0.0 == 1.0 + 1.234 * 0.0 == 1.0 < 100.0);
    return _109id(nestedArr(TWICEnested(1.0 == arr[0.1])));
}
char f12345098_234fXx_(char lowercase, float UPPERCASE, boolean ______, void _1234567890)
{
    return 0;
    return 1;
    return 2;
}
int[100] _123456_FooZ(float _____1, void __KDkk1236, string __3426Kka)
{
    return 0;
    return 1;
    return 2;
}
int _____123567FkoP(string __123Kk, string __234IKk, string __234IKk, string __234IKk, int UPPERCASE)
{
    return 9;
    return 9;
}
string f12345098_234fXx_(void askj_234wf, int D0_1234Kkk)
{
    return 9;
}
