void f12345098_234fXx_(int[234] _234JKDd, int ___1Kk, string _123KkksldjbB_)
{
}
