void fO_123456789_Xa(int asdf_kdf23_, int[89] MEOW_meow_1094385, int[1010] _meow_1094385, int[8912] _1094385)
{
    void fO_123456789_Xa;
    int[8912] _1094385;
    char f12345098_234fXx_;
    float _____1;
    void fO_123456789_Xa;
}
char f12345098_234fXx_(char lowercase, float UPPERCASE, boolean ______, void _1234567890)
{
    void fO_123456789_Xa;
    int[8912] _1094385;
    char f12345098_234fXx_;
    float _____1;
    void fO_123456789_Xa;
}
float _O_123456789(boolean AAas_2394dkKJD, float __Ka235, string _KDJ___123, float __Ka235, string _KD1J___123, float __Ka235, string _KDJ___123)
{
    void fO_123456789_Xa;
    int[8912] _1094385;
    char f12345098_234fXx_;
    float _____1;
    void fO_123456789_Xa;
}
int[100] _123456_FooZ(float _____1, void __KDkk1236, string __3426Kka)
{
    void fO_123456789_Xa;
    int[8912] _1094385;
    char f12345098_234fXx_;
    float _____1;
    void fO_123456789_Xa;
}
int _____123567FkoP(string __123Kk, string __234IKk, string __234IKk, string __234IKk, int UPPERCASE)
{
    void fO_123456789_Xa;
    int[8912] _1094385;
    char f12345098_234fXx_;
    float _____1;
    void fO_123456789_Xa;
}
string f12345098_234fXx_(void askj_234wf, int D0_1234Kkk)
{
    void fO_123456789_Xa;
    int[8912] _1094385;
    char f12345098_234fXx_;
    float _____1;
    void fO_123456789_Xa;
}
void f12345098_234fXx_(int[234] _234JKDd, int ___1Kk, string _123KkksldjbB_)
{
    void fO_123456789_Xa;
    int[8912] _1094385;
    char f12345098_234fXx_;
    float _____1;
    void fO_123456789_Xa;
}
