void m ()
{
    while (1)
    {
    }
    while ("_01STRING")
    {
        print "WOOP";
    }
    while ('c')
    {
        println false;
        identifier;
    }
    while (0.901)
    {
        while (true)
        {
            return ;
            return 'c';
        }
    }
    while (true)
    {
        ;
        ;
        id[1] = WOOP;
    }
    while (ID)
    {
        identifier = "GOOD";
    }
}
